{"ID":"3","ACTIVE_FROM":null,"ACTIVE_TO":null,"ACTIVE":"Y"}